{
  "filters_used": [
    {
      "path": "detect_secrets.filters.allowlist.is_line_allowlisted"
    },
    {
      "min_level": 2,
      "path": "detect_secrets.filters.common.is_ignored_due_to_verification_policies"
    },
    {
      "path": "detect_secrets.filters.heuristic.is_indirect_reference"
    },
    {
      "path": "detect_secrets.filters.heuristic.is_likely_id_string"
    },
    {
      "path": "detect_secrets.filters.heuristic.is_lock_file"
    },
    {
      "path": "detect_secrets.filters.heuristic.is_not_alphanumeric_string"
    },
    {
      "path": "detect_secrets.filters.heuristic.is_potential_uuid"
    },
    {
      "path": "detect_secrets.filters.heuristic.is_prefixed_with_dollar_sign"
    },
    {
      "path": "detect_secrets.filters.heuristic.is_sequential_string"
    },
    {
      "path": "detect_secrets.filters.heuristic.is_swagger_file"
    },
    {
      "path": "detect_secrets.filters.heuristic.is_templated_secret"
    },
    {
      "path": "detect_secrets.filters.regex.should_exclude_file",
      "pattern": [
        "^\\.secrets\\.baseline$"
      ]
    }
  ],
  "generated_at": "2026-10-05T12:07:43Z",
  "plugins_used": [
    {
      "name": "ArtifactoryDetector"
    },
    {
      "name": "AWSKeyDetector"
    },
    {
      "name": "AzureStorageKeyDetector"
    },
    {
      "limit": 4.5,
      "name": "Base64HighEntropyString"
    },
    {
      "name": "BasicAuthDetector"
    },
    {
      "name": "CloudantDetector"
    },
    {
      "name": "DiscordBotTokenDetector"
    },
    {
      "name": "GitHubTokenDetector"
    },
    {
      "name": "GitLabTokenDetector"
    },
    {
      "limit": 3.0,
      "name": "HexHighEntropyString"
    },
    {
      "name": "IbmCloudIamDetector"
    },
    {
      "name": "IbmCosHmacDetector"
    },
    {
      "name": "IPPublicDetector"
    },
    {
      "name": "JwtTokenDetector"
    },
    {
      "keyword_exclude": "",
      "name": "KeywordDetector"
    },
    {
      "name": "MailchimpDetector"
    },
    {
      "name": "NpmDetector"
    },
    {
      "name": "OpenAIDetector"
    },
    {
      "name": "PrivateKeyDetector"
    },
    {
      "name": "PypiTokenDetector"
    },
    {
      "name": "SendGridDetector"
    },
    {
      "name": "SlackDetector"
    },
    {
      "name": "SoftlayerDetector"
    },
    {
      "name": "SquareOAuthDetector"
    },
    {
      "name": "StripeDetector"
    },
    {
      "name": "TelegramBotTokenDetector"
    },
    {
      "name": "TwilioKeyDetector"
    }
  ],
  "results": {
    "bot\\secrets_store.py": [
      {
        "filename": "bot\\secrets_store.py",
        "hashed_secret": "4e8d9b1a15a925c70e45b324d4a808b5a548936a",
        "is_verified": false,
        "line_number": 23,
        "type": "Secret Keyword"
      },
      {
        "filename": "bot\\secrets_store.py",
        "hashed_secret": "9952a97c9ee13f5435ee4e8e7c671b59ab039d04",
        "is_verified": false,
        "line_number": 35,
        "type": "Secret Keyword"
      },
      {
        "filename": "bot\\secrets_store.py",
        "hashed_secret": "2a4d0d644a82e31389f41fa446f703d7e3baf54a",
        "is_verified": false,
        "line_number": 36,
        "type": "Secret Keyword"
      },
      {
        "filename": "bot\\secrets_store.py",
        "hashed_secret": "797ca1ab12ee9088580bd97899de59427758a911",
        "is_verified": false,
        "line_number": 42,
        "type": "Secret Keyword"
      },
      {
        "filename": "bot\\secrets_store.py",
        "hashed_secret": "f0bbe2c57dcaa74724da4abab764895c5944782f",
        "is_verified": false,
        "line_number": 55,
        "type": "Secret Keyword"
      },
      {
        "filename": "bot\\secrets_store.py",
        "hashed_secret": "f80d502e04e2bc7d53911074b1ceaac88c2e0b81",
        "is_verified": false,
        "line_number": 56,
        "type": "Secret Keyword"
      },
      {
        "filename": "bot\\secrets_store.py",
        "hashed_secret": "3c061ae45242189e4f431c30a3edb7f58644108f",
        "is_verified": false,
        "line_number": 62,
        "type": "Secret Keyword"
      }
    ],
    "docs\\operations.md": [
      {
        "filename": "docs\\operations.md",
        "hashed_secret": "0ba9927dc8deb33a61c711371f7ace3407591191",
        "is_verified": false,
        "line_number": 703,
        "type": "Secret Keyword"
      }
    ],
    "docs\\secrets.md": [
      {
        "filename": "docs\\secrets.md",
        "hashed_secret": "0ba9927dc8deb33a61c711371f7ace3407591191",
        "is_verified": false,
        "line_number": 160,
        "type": "Secret Keyword"
      }
    ],
    "scripts\\ci-test.sh": [
      {
        "filename": "scripts\\ci-test.sh",
        "hashed_secret": "debc41daa4695d5aaca06783302f3f5d0e27c0b2",
        "is_verified": false,
        "line_number": 40,
        "type": "Secret Keyword"
      },
      {
        "filename": "scripts\\ci-test.sh",
        "hashed_secret": "4dfad2d5130a5bcaf2716c495de92da13f4389e0",
        "is_verified": false,
        "line_number": 41,
        "type": "Secret Keyword"
      },
      {
        "filename": "scripts\\ci-test.sh",
        "hashed_secret": "451c4923245543a605e12ada57881276603db35b",
        "is_verified": false,
        "line_number": 42,
        "type": "Secret Keyword"
      }
    ],
    "tests\\conftest.py": [
      {
        "filename": "tests\\conftest.py",
        "hashed_secret": "4dfad2d5130a5bcaf2716c495de92da13f4389e0",
        "is_verified": false,
        "line_number": 29,
        "type": "Secret Keyword"
      },
      {
        "filename": "tests\\conftest.py",
        "hashed_secret": "451c4923245543a605e12ada57881276603db35b",
        "is_verified": false,
        "line_number": 30,
        "type": "Secret Keyword"
      }
    ],
    "tests\\test_api_coverage.py": [
      {
        "filename": "tests\\test_api_coverage.py",
        "hashed_secret": "debc41daa4695d5aaca06783302f3f5d0e27c0b2",
        "is_verified": false,
        "line_number": 21,
        "type": "Secret Keyword"
      },
      {
        "filename": "tests\\test_api_coverage.py",
        "hashed_secret": "4dfad2d5130a5bcaf2716c495de92da13f4389e0",
        "is_verified": false,
        "line_number": 23,
        "type": "Secret Keyword"
      },
      {
        "filename": "tests\\test_api_coverage.py",
        "hashed_secret": "451c4923245543a605e12ada57881276603db35b",
        "is_verified": false,
        "line_number": 24,
        "type": "Secret Keyword"
      },
      {
        "filename": "tests\\test_api_coverage.py",
        "hashed_secret": "206c80413b9a96c1312cc346b7d2517b84463edd",
        "is_verified": false,
        "line_number": 79,
        "type": "Secret Keyword"
      }
    ],
    "tests\\test_first_run_setup.py": [
      {
        "filename": "tests\\test_first_run_setup.py",
        "hashed_secret": "31c29e70314d99353b6b17d3d32909662f2657f8",
        "is_verified": false,
        "line_number": 73,
        "type": "Secret Keyword"
      },
      {
        "filename": "tests\\test_first_run_setup.py",
        "hashed_secret": "7a43c9f731744d781d8d382b15945a41a79b68cb",
        "is_verified": false,
        "line_number": 175,
        "type": "Secret Keyword"
      }
    ],
    "tests\\test_health.py": [
      {
        "filename": "tests\\test_health.py",
        "hashed_secret": "d6ca5c0a76bee5dbf05862db767b3d469da8036b",
        "is_verified": false,
        "line_number": 19,
        "type": "Secret Keyword"
      },
      {
        "filename": "tests\\test_health.py",
        "hashed_secret": "debc41daa4695d5aaca06783302f3f5d0e27c0b2",
        "is_verified": false,
        "line_number": 20,
        "type": "Secret Keyword"
      },
      {
        "filename": "tests\\test_health.py",
        "hashed_secret": "4dfad2d5130a5bcaf2716c495de92da13f4389e0",
        "is_verified": false,
        "line_number": 22,
        "type": "Secret Keyword"
      },
      {
        "filename": "tests\\test_health.py",
        "hashed_secret": "451c4923245543a605e12ada57881276603db35b",
        "is_verified": false,
        "line_number": 23,
        "type": "Secret Keyword"
      }
    ],
    "tests\\test_monitoring.py": [
      {
        "filename": "tests\\test_monitoring.py",
        "hashed_secret": "d6ca5c0a76bee5dbf05862db767b3d469da8036b",
        "is_verified": false,
        "line_number": 19,
        "type": "Secret Keyword"
      },
      {
        "filename": "tests\\test_monitoring.py",
        "hashed_secret": "debc41daa4695d5aaca06783302f3f5d0e27c0b2",
        "is_verified": false,
        "line_number": 20,
        "type": "Secret Keyword"
      },
      {
        "filename": "tests\\test_monitoring.py",
        "hashed_secret": "4dfad2d5130a5bcaf2716c495de92da13f4389e0",
        "is_verified": false,
        "line_number": 22,
        "type": "Secret Keyword"
      },
      {
        "filename": "tests\\test_monitoring.py",
        "hashed_secret": "451c4923245543a605e12ada57881276603db35b",
        "is_verified": false,
        "line_number": 23,
        "type": "Secret Keyword"
      }
    ],
    "tests\\test_oidc.py": [
      {
        "filename": "tests\\test_oidc.py",
        "hashed_secret": "96353ea399cafe94c7b697e220d231be058e70ab",
        "is_verified": false,
        "line_number": 26,
        "type": "Secret Keyword"
      },
      {
        "filename": "tests\\test_oidc.py",
        "hashed_secret": "debc41daa4695d5aaca06783302f3f5d0e27c0b2",
        "is_verified": false,
        "line_number": 34,
        "type": "Secret Keyword"
      },
      {
        "filename": "tests\\test_oidc.py",
        "hashed_secret": "4dfad2d5130a5bcaf2716c495de92da13f4389e0",
        "is_verified": false,
        "line_number": 36,
        "type": "Secret Keyword"
      },
      {
        "filename": "tests\\test_oidc.py",
        "hashed_secret": "451c4923245543a605e12ada57881276603db35b",
        "is_verified": false,
        "line_number": 37,
        "type": "Secret Keyword"
      },
      {
        "filename": "tests\\test_oidc.py",
        "hashed_secret": "206c80413b9a96c1312cc346b7d2517b84463edd",
        "is_verified": false,
        "line_number": 368,
        "type": "Secret Keyword"
      }
    ],
    "tests\\test_order_execution.py": [
      {
        "filename": "tests\\test_order_execution.py",
        "hashed_secret": "3acfb2c2b433c0ea7ff107e33df91b18e52f960f",
        "is_verified": false,
        "line_number": 26,
        "type": "Secret Keyword"
      }
    ],
    "tests\\test_preflight.py": [
      {
        "filename": "tests\\test_preflight.py",
        "hashed_secret": "a761ce3a45d97e41840a788495e85a70d1bb3815",
        "is_verified": false,
        "line_number": 333,
        "type": "Secret Keyword"
      },
      {
        "filename": "tests\\test_preflight.py",
        "hashed_secret": "f3bbbd66a63d4bf1747940578ec3d0103530e21d",
        "is_verified": false,
        "line_number": 334,
        "type": "Secret Keyword"
      },
      {
        "filename": "tests\\test_preflight.py",
        "hashed_secret": "ff72f21d01388070798eb673437bf975c7478c08",
        "is_verified": false,
        "line_number": 374,
        "type": "Secret Keyword"
      },
      {
        "filename": "tests\\test_preflight.py",
        "hashed_secret": "225f3eda2b5117251456b5c6d433c35c82d5ea2c",
        "is_verified": false,
        "line_number": 375,
        "type": "Secret Keyword"
      }
    ],
    "tests\\test_secrets_store.py": [
      {
        "filename": "tests\\test_secrets_store.py",
        "hashed_secret": "2738ea39b0cf1c3ae02528cca42a846af88fb74c",
        "is_verified": false,
        "line_number": 41,
        "type": "Secret Keyword"
      },
      {
        "filename": "tests\\test_secrets_store.py",
        "hashed_secret": "bea2f7b64fab8d1d414d0449530b1e088d36d5b1",
        "is_verified": false,
        "line_number": 123,
        "type": "Secret Keyword"
      },
      {
        "filename": "tests\\test_secrets_store.py",
        "hashed_secret": "8a8281cec699f5e51330e21dd7fab3531af6ef0c",
        "is_verified": false,
        "line_number": 124,
        "type": "Secret Keyword"
      },
      {
        "filename": "tests\\test_secrets_store.py",
        "hashed_secret": "759329b3cde06aa3f0a85e1aa2021f75f576a312",
        "is_verified": false,
        "line_number": 133,
        "type": "Secret Keyword"
      },
      {
        "filename": "tests\\test_secrets_store.py",
        "hashed_secret": "6a7a005718bfaa0be6746deaddcba7fcedc26372",
        "is_verified": false,
        "line_number": 134,
        "type": "Secret Keyword"
      },
      {
        "filename": "tests\\test_secrets_store.py",
        "hashed_secret": "65cdbebb7054ae16c012895de7f3726b64b5bff3",
        "is_verified": false,
        "line_number": 254,
        "type": "Secret Keyword"
      },
      {
        "filename": "tests\\test_secrets_store.py",
        "hashed_secret": "512afa436b071f22963d0a990ca5303aa586c216",
        "is_verified": false,
        "line_number": 286,
        "type": "Secret Keyword"
      },
      {
        "filename": "tests\\test_secrets_store.py",
        "hashed_secret": "d0cd648f09dee582afe15e63d2f228d761b53e24",
        "is_verified": false,
        "line_number": 297,
        "type": "Secret Keyword"
      },
      {
        "filename": "tests\\test_secrets_store.py",
        "hashed_secret": "dd28ab11c5941662c6692da00066968c3e1ebd1f",
        "is_verified": false,
        "line_number": 299,
        "type": "Secret Keyword"
      },
      {
        "filename": "tests\\test_secrets_store.py",
        "hashed_secret": "76d5947f63cb64b3def6d2f52978ec23c34b2063",
        "is_verified": false,
        "line_number": 312,
        "type": "Secret Keyword"
      }
    ],
    "tests\\test_security.py": [
      {
        "filename": "tests\\test_security.py",
        "hashed_secret": "debc41daa4695d5aaca06783302f3f5d0e27c0b2",
        "is_verified": false,
        "line_number": 29,
        "type": "Secret Keyword"
      },
      {
        "filename": "tests\\test_security.py",
        "hashed_secret": "4dfad2d5130a5bcaf2716c495de92da13f4389e0",
        "is_verified": false,
        "line_number": 31,
        "type": "Secret Keyword"
      },
      {
        "filename": "tests\\test_security.py",
        "hashed_secret": "451c4923245543a605e12ada57881276603db35b",
        "is_verified": false,
        "line_number": 32,
        "type": "Secret Keyword"
      },
      {
        "filename": "tests\\test_security.py",
        "hashed_secret": "206c80413b9a96c1312cc346b7d2517b84463edd",
        "is_verified": false,
        "line_number": 82,
        "type": "Secret Keyword"
      },
      {
        "filename": "tests\\test_security.py",
        "hashed_secret": "a4b48a81cdab1e1a5dd37907d6c85ca1c61ddc7c",
        "is_verified": false,
        "line_number": 144,
        "type": "Secret Keyword"
      }
    ],
    "tests\\test_vendor_integrity.py": [
      {
        "filename": "tests\\test_vendor_integrity.py",
        "hashed_secret": "f550dd7785443d2b07858117a2ca0d74c180d7ce",
        "is_verified": false,
        "line_number": 55,
        "type": "Hex High Entropy String"
      }
    ],
    "tests\\test_web.py": [
      {
        "filename": "tests\\test_web.py",
        "hashed_secret": "debc41daa4695d5aaca06783302f3f5d0e27c0b2",
        "is_verified": false,
        "line_number": 20,
        "type": "Secret Keyword"
      },
      {
        "filename": "tests\\test_web.py",
        "hashed_secret": "4dfad2d5130a5bcaf2716c495de92da13f4389e0",
        "is_verified": false,
        "line_number": 22,
        "type": "Secret Keyword"
      },
      {
        "filename": "tests\\test_web.py",
        "hashed_secret": "451c4923245543a605e12ada57881276603db35b",
        "is_verified": false,
        "line_number": 23,
        "type": "Secret Keyword"
      },
      {
        "filename": "tests\\test_web.py",
        "hashed_secret": "206c80413b9a96c1312cc346b7d2517b84463edd",
        "is_verified": false,
        "line_number": 76,
        "type": "Secret Keyword"
      },
      {
        "filename": "tests\\test_web.py",
        "hashed_secret": "5b3038b26f74f9b9c017fec05c45e52c604310c1",
        "is_verified": false,
        "line_number": 244,
        "type": "Secret Keyword"
      },
      {
        "filename": "tests\\test_web.py",
        "hashed_secret": "a0f4ea7d91495df92bbac2e2149dfb850fe81396",
        "is_verified": false,
        "line_number": 266,
        "type": "Secret Keyword"
      },
      {
        "filename": "tests\\test_web.py",
        "hashed_secret": "31c29e70314d99353b6b17d3d32909662f2657f8",
        "is_verified": false,
        "line_number": 444,
        "type": "Secret Keyword"
      },
      {
        "filename": "tests\\test_web.py",
        "hashed_secret": "d3524dc24bf02da7e14c8cde9941a8b10dd98e59",
        "is_verified": false,
        "line_number": 505,
        "type": "Secret Keyword"
      }
    ],
    "web\\static\\vendor\\chart.js\\vendor-manifest.json": [
      {
        "filename": "web\\static\\vendor\\chart.js\\vendor-manifest.json",
        "hashed_secret": "4d3f0563cf01cfcf333fea630264b0e2a25e5189",
        "is_verified": false,
        "line_number": 10,
        "type": "Hex High Entropy String"
      },
      {
        "filename": "web\\static\\vendor\\chart.js\\vendor-manifest.json",
        "hashed_secret": "bc4b673ee9b58d6b5611665579bab2a5d86fa36a",
        "is_verified": false,
        "line_number": 17,
        "type": "Hex High Entropy String"
      }
    ]
  },
  "version": "1.5.0"
}
